---
source: crates/parser/tests/syntax_node.rs
expression: snapshot
---
Root@0..2
  RestPat@0..2
    Dot2@0..2 ".."
