---
source: crates/parser/tests/syntax_node.rs
expression: snapshot
---
Root@0..1
  WildCardPat@0..1
    Underscore@0..1 "_"
