---
source: crates/parser2/tests/error_recovery.rs
expression: node
input_file: crates/parser2/test_files/error_recovery/items/extern_.fe
---
Root@0..93
  ItemList@0..93
    Item@0..54
      Extern@0..54
        ExternKw@0..6 "extern"
        WhiteSpace@6..7 " "
        ExternItemList@7..54
          LBrace@7..8 "{"
          Newline@8..9 "\n"
          WhiteSpace@9..13 "    "
          Func@13..30
            ItemModifier@13..23
              PubKw@13..16 "pub"
              WhiteSpace@16..17 " "
              UnsafeKw@17..23 "unsafe"
            WhiteSpace@23..24 " "
            FnKw@24..26 "fn"
            WhiteSpace@26..27 " "
            Ident@27..30 "Foo"
          Newline@30..32 "\n\n"
          WhiteSpace@32..36 "    "
          Func@36..48
            ItemModifier@36..39
              PubKw@36..39 "pub"
            WhiteSpace@39..40 " "
            FnKw@40..42 "fn"
            WhiteSpace@42..43 " "
            Ident@43..46 "bar"
            FuncParamList@46..48
              LParen@46..47 "("
              RParen@47..48 ")"
          Newline@48..50 "\n\n"
          WhiteSpace@50..54 "    "
    Item@54..75
      Struct@54..75
        StructKw@54..60 "struct"
        WhiteSpace@60..61 " "
        Ident@61..64 "Foo"
        WhiteSpace@64..65 " "
        RecordFieldDefList@65..75
          LBrace@65..66 "{"
          Newline@66..68 "\n\n"
          WhiteSpace@68..72 "    "
          RecordFieldDef@72..75
            PubKw@72..75 "pub"
    WhiteSpace@75..76 " "
    Item@76..93
      Func@76..93
        ItemModifier@76..82
          UnsafeKw@76..82 "unsafe"
        WhiteSpace@82..83 " "
        FnKw@83..85 "fn"
        WhiteSpace@85..86 " "
        Ident@86..89 "foo"
        FuncParamList@89..91
          LParen@89..90 "("
          RParen@90..91 ")"
        Newline@91..92 "\n"
        Error@92..93
          RBrace@92..93 "}"

