---
source: crates/uitest/tests/ty.rs
expression: diags
input_file: fixtures/ty/trait_impl/impl_method_missing_method.fe
---
error[6-0002]: not all trait methods are implemented
   ┌─ impl_method_missing_method.fe:10:14
   │
10 │ impl Foo for i32 {}
   │              ^^^ missing implementations: foo, bar
